  64 bit Processing .\ms-rprn.idl
  ms-rprn.idl
  64 bit Processing C:\Program Files (x86)\Windows Kits\10\Include\10.0.26100.0\um\oaidl.idl
  oaidl.idl
  64 bit Processing C:\Program Files (x86)\Windows Kits\10\Include\10.0.26100.0\um\objidl.idl
  objidl.idl
  64 bit Processing C:\Program Files (x86)\Windows Kits\10\Include\10.0.26100.0\um\unknwn.idl
  unknwn.idl
  64 bit Processing C:\Program Files (x86)\Windows Kits\10\Include\10.0.26100.0\shared\wtypes.idl
  wtypes.idl
  64 bit Processing C:\Program Files (x86)\Windows Kits\10\Include\10.0.26100.0\shared\wtypesbase.idl
  wtypesbase.idl
  64 bit Processing C:\Program Files (x86)\Windows Kits\10\Include\10.0.26100.0\shared\basetsd.h
  basetsd.h
  64 bit Processing C:\Program Files (x86)\Windows Kits\10\Include\10.0.26100.0\shared\guiddef.h
  guiddef.h
  64 bit Processing C:\Program Files (x86)\Windows Kits\10\Include\10.0.26100.0\um\oaidl.acf
  oaidl.acf
  stdafx.cpp
  main.cpp
  ms-rprn_c.c
     Создается библиотека C:\Users\boby\Desktop\SpoolSample\x64\Debug\MS-RPRN.lib и объект C:\Users\boby\Desktop\SpoolSample\x64\Debug\MS-RPRN.exp
  MS-RPRN.vcxproj -> C:\Users\boby\Desktop\SpoolSample\x64\Debug\MS-RPRN.dll
